bash: ./yedera: Is a directory
